08-Jun-2026 18:27:42.072 정보 [main] org.apache.catalina.startup.VersionLoggerListener.log 서버 버전 이름:    Apache Tomcat/10.1.55
08-Jun-2026 18:27:42.076 정보 [main] org.apache.catalina.startup.VersionLoggerListener.log Server 빌드 시각:  May 5 2026 13:33:02 UTC
08-Jun-2026 18:27:42.076 정보 [main] org.apache.catalina.startup.VersionLoggerListener.log Server 버전 번호:  10.1.55.0
08-Jun-2026 18:27:42.076 정보 [main] org.apache.catalina.startup.VersionLoggerListener.log 운영체제 이름:     Windows 11
08-Jun-2026 18:27:42.076 정보 [main] org.apache.catalina.startup.VersionLoggerListener.log 운영체제 버전:     10.0
08-Jun-2026 18:27:42.076 정보 [main] org.apache.catalina.startup.VersionLoggerListener.log 아키텍처:          amd64
08-Jun-2026 18:27:42.076 정보 [main] org.apache.catalina.startup.VersionLoggerListener.log 자바 홈:           C:\Users\earne\.jdks\corretto-17.0.15
08-Jun-2026 18:27:42.076 정보 [main] org.apache.catalina.startup.VersionLoggerListener.log JVM 버전:          17.0.15+6-LTS
08-Jun-2026 18:27:42.076 정보 [main] org.apache.catalina.startup.VersionLoggerListener.log JVM 벤더:          Amazon.com Inc.
08-Jun-2026 18:27:42.076 정보 [main] org.apache.catalina.startup.VersionLoggerListener.log CATALINA_BASE:     C:\Users\earne\OneDrive\문서\project-crm-master
08-Jun-2026 18:27:42.076 정보 [main] org.apache.catalina.startup.VersionLoggerListener.log CATALINA_HOME:     C:\Users\earne\Downloads\apache-tomcat-10.1.55\apache-tomcat-10.1.55
08-Jun-2026 18:27:42.085 정보 [main] org.apache.catalina.startup.VersionLoggerListener.log 명령 행 아규먼트:  --add-opens=java.base/java.lang=ALL-UNNAMED
08-Jun-2026 18:27:42.085 정보 [main] org.apache.catalina.startup.VersionLoggerListener.log 명령 행 아규먼트:  --add-opens=java.base/java.io=ALL-UNNAMED
08-Jun-2026 18:27:42.085 정보 [main] org.apache.catalina.startup.VersionLoggerListener.log 명령 행 아규먼트:  --add-opens=java.base/java.util=ALL-UNNAMED
08-Jun-2026 18:27:42.085 정보 [main] org.apache.catalina.startup.VersionLoggerListener.log 명령 행 아규먼트:  --add-opens=java.base/java.util.concurrent=ALL-UNNAMED
08-Jun-2026 18:27:42.085 정보 [main] org.apache.catalina.startup.VersionLoggerListener.log 명령 행 아규먼트:  --add-opens=java.rmi/sun.rmi.transport=ALL-UNNAMED
08-Jun-2026 18:27:42.085 정보 [main] org.apache.catalina.startup.VersionLoggerListener.log 명령 행 아규먼트:  -Dcatalina.home=C:\Users\earne\Downloads\apache-tomcat-10.1.55\apache-tomcat-10.1.55
08-Jun-2026 18:27:42.085 정보 [main] org.apache.catalina.startup.VersionLoggerListener.log 명령 행 아규먼트:  -Dcatalina.base=C:\Users\earne\OneDrive\문서\project-crm-master
08-Jun-2026 18:27:42.085 정보 [main] org.apache.catalina.startup.VersionLoggerListener.log 명령 행 아규먼트:  -Djava.io.tmpdir=C:\Users\earne\OneDrive\문서\project-crm-master\temp
08-Jun-2026 18:27:42.086 정보 [main] org.apache.catalina.startup.VersionLoggerListener.log 명령 행 아규먼트:  -Djava.util.logging.config.file=C:\Users\earne\OneDrive\문서\project-crm-master\conf\logging.properties
08-Jun-2026 18:27:42.086 정보 [main] org.apache.catalina.startup.VersionLoggerListener.log 명령 행 아규먼트:  -Djava.util.logging.manager=org.apache.juli.ClassLoaderLogManager
08-Jun-2026 18:27:42.086 정보 [main] org.apache.catalina.startup.VersionLoggerListener.log 명령 행 아규먼트:  -javaagent:C:\Program Files\JetBrains\IntelliJ IDEA Community Edition 2023.3.2\lib\idea_rt.jar=9321:C:\Program Files\JetBrains\IntelliJ IDEA Community Edition 2023.3.2\bin
08-Jun-2026 18:27:42.086 정보 [main] org.apache.catalina.startup.VersionLoggerListener.log 명령 행 아규먼트:  -Dfile.encoding=UTF-8
08-Jun-2026 18:27:42.096 정보 [main] org.apache.catalina.core.AprLifecycleListener.lifecycleEvent 프로덕션 환경들에서 최적의 성능을 제공하는, APR 기반 Apache Tomcat Native 라이브러리가, 다음 java.library.path에서 발견되지 않습니다: [C:\Users\earne\.jdks\corretto-17.0.15\bin;C:\WINDOWS\Sun\Java\bin;C:\WINDOWS\system32;C:\WINDOWS;C:\Program Files (x86)\NVIDIA Corporation\PhysX\Common;C:\Program Files (x86)\NAT Service;C:\Program Files\Eclipse Adoptium\jdk-8.0.412.8-hotspot\bin;C:\WINDOWS\system32;C:\WINDOWS;C:\WINDOWS\System32\Wbem;C:\WINDOWS\System32\WindowsPowerShell\v1.0\;C:\WINDOWS\System32\OpenSSH\;C:\Ninja;C:\Program Files\dotnet\;C:\Program Files\CMake\bin;C:\Program Files\nodejs\;C:\Program Files\cursor\resources\app\bin;C:\Program Files\PowerShell\7\;C:\Users\earne\AppData\Local\Programs\Python\Launcher\;C:\Users\earne\AppData\Local\Microsoft\WindowsApps;;C:\Users\earne\AppData\Local\Programs\Microsoft VS Code\bin;C:\Program Files\JetBrains\IntelliJ IDEA Community Edition 2025.1.4.1\bin;;C:\Users\earne\.dotnet\tools;C:\Users\earne\AppData\Roaming\npm;C:\Program Files\JetBrains\IntelliJ IDEA 2026.1.3\bin;.]
08-Jun-2026 18:27:42.244 정보 [main] org.apache.coyote.AbstractProtocol.init 프로토콜 핸들러 ["http-nio-8080"]을(를) 초기화합니다.
08-Jun-2026 18:27:42.252 심각 [main] org.apache.catalina.util.LifecycleBase.handleSubClassException 구성요소 [Connector["http-nio-8080"]]을(를) 초기화하지 못했습니다.
	org.apache.catalina.LifecycleException: 프로토콜 핸들러 초기화가 실패했습니다.
		at org.apache.catalina.connector.Connector.initInternal(Connector.java:1084)
		at org.apache.catalina.util.LifecycleBase.init(LifecycleBase.java:122)
		at org.apache.catalina.core.StandardService.initInternal(StandardService.java:520)
		at org.apache.catalina.util.LifecycleBase.init(LifecycleBase.java:122)
		at org.apache.catalina.core.StandardServer.initInternal(StandardServer.java:955)
		at org.apache.catalina.util.LifecycleBase.init(LifecycleBase.java:122)
		at org.apache.catalina.startup.Catalina.load(Catalina.java:709)
		at org.apache.catalina.startup.Catalina.load(Catalina.java:732)
		at java.base/jdk.internal.reflect.NativeMethodAccessorImpl.invoke0(Native Method)
		at java.base/jdk.internal.reflect.NativeMethodAccessorImpl.invoke(NativeMethodAccessorImpl.java:77)
		at java.base/jdk.internal.reflect.DelegatingMethodAccessorImpl.invoke(DelegatingMethodAccessorImpl.java:43)
		at java.base/java.lang.reflect.Method.invoke(Method.java:569)
		at org.apache.catalina.startup.Bootstrap.load(Bootstrap.java:299)
		at org.apache.catalina.startup.Bootstrap.main(Bootstrap.java:472)
	Caused by: java.net.BindException: Address already in use: bind
		at java.base/sun.nio.ch.Net.bind0(Native Method)
		at java.base/sun.nio.ch.Net.bind(Net.java:555)
		at java.base/sun.nio.ch.ServerSocketChannelImpl.netBind(ServerSocketChannelImpl.java:337)
		at java.base/sun.nio.ch.ServerSocketChannelImpl.bind(ServerSocketChannelImpl.java:294)
		at org.apache.tomcat.util.net.NioEndpoint.initServerSocket(NioEndpoint.java:264)
		at org.apache.tomcat.util.net.NioEndpoint.bind(NioEndpoint.java:219)
		at org.apache.tomcat.util.net.AbstractEndpoint.bindWithCleanup(AbstractEndpoint.java:1434)
		at org.apache.tomcat.util.net.AbstractEndpoint.init(AbstractEndpoint.java:1447)
		at org.apache.coyote.AbstractProtocol.init(AbstractProtocol.java:932)
		at org.apache.coyote.http11.AbstractHttp11Protocol.init(AbstractHttp11Protocol.java:82)
		at org.apache.catalina.connector.Connector.initInternal(Connector.java:1082)
		... 13 more
08-Jun-2026 18:27:42.252 정보 [main] org.apache.catalina.startup.Catalina.load [318] 밀리초 내에 서버가 초기화되었습니다.
08-Jun-2026 18:27:42.293 정보 [main] org.apache.catalina.core.StandardService.startInternal 서비스 [Catalina]을(를) 시작합니다.
08-Jun-2026 18:27:42.293 정보 [main] org.apache.catalina.core.StandardEngine.startInternal 서버 엔진을 시작합니다: [Apache Tomcat/10.1.55]
08-Jun-2026 18:27:42.304 정보 [main] org.apache.catalina.startup.HostConfig.deployDescriptor 배치 descriptor [C:\Users\earne\OneDrive\문서\project-crm-master\conf\Catalina\localhost\localhost.xml]을(를) 배치합니다.
08-Jun-2026 18:27:42.599 정보 [main] org.apache.catalina.startup.HostConfig.deployDescriptor 배치 descriptor [C:\Users\earne\OneDrive\문서\project-crm-master\conf\Catalina\localhost\localhost.xml]의 배치가 [294] 밀리초 내에 완료되었습니다.
08-Jun-2026 18:27:42.603 정보 [main] org.apache.catalina.startup.Catalina.start 서버가 [350] 밀리초 내에 시작되었습니다.
08-Jun-2026 18:27:42.607 심각 [main] org.apache.catalina.core.StandardServer.await 주소 [localhost]와(과) 포트 [8005]에, 서버 셧다운 소켓을 생성하지 못했습니다. (base 포트 [8005], offset [0])
	java.net.BindException: Address already in use: bind
		at java.base/sun.nio.ch.Net.bind0(Native Method)
		at java.base/sun.nio.ch.Net.bind(Net.java:555)
		at java.base/sun.nio.ch.Net.bind(Net.java:544)
		at java.base/sun.nio.ch.NioSocketImpl.bind(NioSocketImpl.java:648)
		at java.base/java.net.ServerSocket.bind(ServerSocket.java:388)
		at java.base/java.net.ServerSocket.<init>(ServerSocket.java:274)
		at org.apache.catalina.core.StandardServer.await(StandardServer.java:531)
		at org.apache.catalina.startup.Catalina.await(Catalina.java:848)
		at org.apache.catalina.startup.Catalina.start(Catalina.java:796)
		at java.base/jdk.internal.reflect.NativeMethodAccessorImpl.invoke0(Native Method)
		at java.base/jdk.internal.reflect.NativeMethodAccessorImpl.invoke(NativeMethodAccessorImpl.java:77)
		at java.base/jdk.internal.reflect.DelegatingMethodAccessorImpl.invoke(DelegatingMethodAccessorImpl.java:43)
		at java.base/java.lang.reflect.Method.invoke(Method.java:569)
		at org.apache.catalina.startup.Bootstrap.start(Bootstrap.java:342)
		at org.apache.catalina.startup.Bootstrap.main(Bootstrap.java:473)
08-Jun-2026 18:27:42.607 정보 [main] org.apache.coyote.AbstractProtocol.pause 프로토콜 핸들러 ["http-nio-8080"]을(를) 일시 정지 중
08-Jun-2026 18:27:42.607 정보 [main] org.apache.catalina.core.StandardService.stopInternal 서비스 [Catalina]을(를) 중지시킵니다.
08-Jun-2026 18:27:42.612 정보 [main] org.apache.coyote.AbstractProtocol.stop 프로토콜 핸들러 ["http-nio-8080"]을(를) 중지시킵니다.
08-Jun-2026 18:27:42.612 정보 [main] org.apache.coyote.AbstractProtocol.destroy 프로토콜 핸들러 ["http-nio-8080"]을(를) 소멸시킵니다.
08-Jun-2026 18:27:45.644 정보 [main] org.apache.catalina.startup.VersionLoggerListener.log 서버 버전 이름:    Apache Tomcat/10.1.55
08-Jun-2026 18:27:45.647 정보 [main] org.apache.catalina.startup.VersionLoggerListener.log Server 빌드 시각:  May 5 2026 13:33:02 UTC
08-Jun-2026 18:27:45.647 정보 [main] org.apache.catalina.startup.VersionLoggerListener.log Server 버전 번호:  10.1.55.0
08-Jun-2026 18:27:45.647 정보 [main] org.apache.catalina.startup.VersionLoggerListener.log 운영체제 이름:     Windows 11
08-Jun-2026 18:27:45.647 정보 [main] org.apache.catalina.startup.VersionLoggerListener.log 운영체제 버전:     10.0
08-Jun-2026 18:27:45.648 정보 [main] org.apache.catalina.startup.VersionLoggerListener.log 아키텍처:          amd64
08-Jun-2026 18:27:45.648 정보 [main] org.apache.catalina.startup.VersionLoggerListener.log 자바 홈:           C:\Users\earne\.jdks\corretto-17.0.15
08-Jun-2026 18:27:45.648 정보 [main] org.apache.catalina.startup.VersionLoggerListener.log JVM 버전:          17.0.15+6-LTS
08-Jun-2026 18:27:45.648 정보 [main] org.apache.catalina.startup.VersionLoggerListener.log JVM 벤더:          Amazon.com Inc.
08-Jun-2026 18:27:45.648 정보 [main] org.apache.catalina.startup.VersionLoggerListener.log CATALINA_BASE:     C:\Users\earne\OneDrive\문서\project-crm-master
08-Jun-2026 18:27:45.648 정보 [main] org.apache.catalina.startup.VersionLoggerListener.log CATALINA_HOME:     C:\Users\earne\Downloads\apache-tomcat-10.1.55\apache-tomcat-10.1.55
08-Jun-2026 18:27:45.654 정보 [main] org.apache.catalina.startup.VersionLoggerListener.log 명령 행 아규먼트:  --add-opens=java.base/java.lang=ALL-UNNAMED
08-Jun-2026 18:27:45.654 정보 [main] org.apache.catalina.startup.VersionLoggerListener.log 명령 행 아규먼트:  --add-opens=java.base/java.io=ALL-UNNAMED
08-Jun-2026 18:27:45.654 정보 [main] org.apache.catalina.startup.VersionLoggerListener.log 명령 행 아규먼트:  --add-opens=java.base/java.util=ALL-UNNAMED
08-Jun-2026 18:27:45.654 정보 [main] org.apache.catalina.startup.VersionLoggerListener.log 명령 행 아규먼트:  --add-opens=java.base/java.util.concurrent=ALL-UNNAMED
08-Jun-2026 18:27:45.654 정보 [main] org.apache.catalina.startup.VersionLoggerListener.log 명령 행 아규먼트:  --add-opens=java.rmi/sun.rmi.transport=ALL-UNNAMED
08-Jun-2026 18:27:45.654 정보 [main] org.apache.catalina.startup.VersionLoggerListener.log 명령 행 아규먼트:  -Dcatalina.home=C:\Users\earne\Downloads\apache-tomcat-10.1.55\apache-tomcat-10.1.55
08-Jun-2026 18:27:45.654 정보 [main] org.apache.catalina.startup.VersionLoggerListener.log 명령 행 아규먼트:  -Dcatalina.base=C:\Users\earne\OneDrive\문서\project-crm-master
08-Jun-2026 18:27:45.654 정보 [main] org.apache.catalina.startup.VersionLoggerListener.log 명령 행 아규먼트:  -Djava.io.tmpdir=C:\Users\earne\OneDrive\문서\project-crm-master\temp
08-Jun-2026 18:27:45.654 정보 [main] org.apache.catalina.startup.VersionLoggerListener.log 명령 행 아규먼트:  -Djava.util.logging.config.file=C:\Users\earne\OneDrive\문서\project-crm-master\conf\logging.properties
08-Jun-2026 18:27:45.654 정보 [main] org.apache.catalina.startup.VersionLoggerListener.log 명령 행 아규먼트:  -Djava.util.logging.manager=org.apache.juli.ClassLoaderLogManager
08-Jun-2026 18:27:45.654 정보 [main] org.apache.catalina.startup.VersionLoggerListener.log 명령 행 아규먼트:  -javaagent:C:\Program Files\JetBrains\IntelliJ IDEA Community Edition 2023.3.2\lib\idea_rt.jar=9325:C:\Program Files\JetBrains\IntelliJ IDEA Community Edition 2023.3.2\bin
08-Jun-2026 18:27:45.655 정보 [main] org.apache.catalina.startup.VersionLoggerListener.log 명령 행 아규먼트:  -Dfile.encoding=UTF-8
08-Jun-2026 18:27:45.665 정보 [main] org.apache.catalina.core.AprLifecycleListener.lifecycleEvent 프로덕션 환경들에서 최적의 성능을 제공하는, APR 기반 Apache Tomcat Native 라이브러리가, 다음 java.library.path에서 발견되지 않습니다: [C:\Users\earne\.jdks\corretto-17.0.15\bin;C:\WINDOWS\Sun\Java\bin;C:\WINDOWS\system32;C:\WINDOWS;C:\Program Files (x86)\NVIDIA Corporation\PhysX\Common;C:\Program Files (x86)\NAT Service;C:\Program Files\Eclipse Adoptium\jdk-8.0.412.8-hotspot\bin;C:\WINDOWS\system32;C:\WINDOWS;C:\WINDOWS\System32\Wbem;C:\WINDOWS\System32\WindowsPowerShell\v1.0\;C:\WINDOWS\System32\OpenSSH\;C:\Ninja;C:\Program Files\dotnet\;C:\Program Files\CMake\bin;C:\Program Files\nodejs\;C:\Program Files\cursor\resources\app\bin;C:\Program Files\PowerShell\7\;C:\Users\earne\AppData\Local\Programs\Python\Launcher\;C:\Users\earne\AppData\Local\Microsoft\WindowsApps;;C:\Users\earne\AppData\Local\Programs\Microsoft VS Code\bin;C:\Program Files\JetBrains\IntelliJ IDEA Community Edition 2025.1.4.1\bin;;C:\Users\earne\.dotnet\tools;C:\Users\earne\AppData\Roaming\npm;C:\Program Files\JetBrains\IntelliJ IDEA 2026.1.3\bin;.]
08-Jun-2026 18:27:45.793 정보 [main] org.apache.coyote.AbstractProtocol.init 프로토콜 핸들러 ["http-nio-8080"]을(를) 초기화합니다.
08-Jun-2026 18:27:45.799 심각 [main] org.apache.catalina.util.LifecycleBase.handleSubClassException 구성요소 [Connector["http-nio-8080"]]을(를) 초기화하지 못했습니다.
	org.apache.catalina.LifecycleException: 프로토콜 핸들러 초기화가 실패했습니다.
		at org.apache.catalina.connector.Connector.initInternal(Connector.java:1084)
		at org.apache.catalina.util.LifecycleBase.init(LifecycleBase.java:122)
		at org.apache.catalina.core.StandardService.initInternal(StandardService.java:520)
		at org.apache.catalina.util.LifecycleBase.init(LifecycleBase.java:122)
		at org.apache.catalina.core.StandardServer.initInternal(StandardServer.java:955)
		at org.apache.catalina.util.LifecycleBase.init(LifecycleBase.java:122)
		at org.apache.catalina.startup.Catalina.load(Catalina.java:709)
		at org.apache.catalina.startup.Catalina.load(Catalina.java:732)
		at java.base/jdk.internal.reflect.NativeMethodAccessorImpl.invoke0(Native Method)
		at java.base/jdk.internal.reflect.NativeMethodAccessorImpl.invoke(NativeMethodAccessorImpl.java:77)
		at java.base/jdk.internal.reflect.DelegatingMethodAccessorImpl.invoke(DelegatingMethodAccessorImpl.java:43)
		at java.base/java.lang.reflect.Method.invoke(Method.java:569)
		at org.apache.catalina.startup.Bootstrap.load(Bootstrap.java:299)
		at org.apache.catalina.startup.Bootstrap.main(Bootstrap.java:472)
	Caused by: java.net.BindException: Address already in use: bind
		at java.base/sun.nio.ch.Net.bind0(Native Method)
		at java.base/sun.nio.ch.Net.bind(Net.java:555)
		at java.base/sun.nio.ch.ServerSocketChannelImpl.netBind(ServerSocketChannelImpl.java:337)
		at java.base/sun.nio.ch.ServerSocketChannelImpl.bind(ServerSocketChannelImpl.java:294)
		at org.apache.tomcat.util.net.NioEndpoint.initServerSocket(NioEndpoint.java:264)
		at org.apache.tomcat.util.net.NioEndpoint.bind(NioEndpoint.java:219)
		at org.apache.tomcat.util.net.AbstractEndpoint.bindWithCleanup(AbstractEndpoint.java:1434)
		at org.apache.tomcat.util.net.AbstractEndpoint.init(AbstractEndpoint.java:1447)
		at org.apache.coyote.AbstractProtocol.init(AbstractProtocol.java:932)
		at org.apache.coyote.http11.AbstractHttp11Protocol.init(AbstractHttp11Protocol.java:82)
		at org.apache.catalina.connector.Connector.initInternal(Connector.java:1082)
		... 13 more
08-Jun-2026 18:27:45.801 정보 [main] org.apache.catalina.startup.Catalina.load [287] 밀리초 내에 서버가 초기화되었습니다.
08-Jun-2026 18:27:45.829 정보 [main] org.apache.catalina.core.StandardService.startInternal 서비스 [Catalina]을(를) 시작합니다.
08-Jun-2026 18:27:45.829 정보 [main] org.apache.catalina.core.StandardEngine.startInternal 서버 엔진을 시작합니다: [Apache Tomcat/10.1.55]
08-Jun-2026 18:27:45.837 정보 [main] org.apache.catalina.startup.HostConfig.deployDescriptor 배치 descriptor [C:\Users\earne\OneDrive\문서\project-crm-master\conf\Catalina\localhost\localhost.xml]을(를) 배치합니다.
08-Jun-2026 18:27:46.133 정보 [main] org.apache.catalina.startup.HostConfig.deployDescriptor 배치 descriptor [C:\Users\earne\OneDrive\문서\project-crm-master\conf\Catalina\localhost\localhost.xml]의 배치가 [294] 밀리초 내에 완료되었습니다.
08-Jun-2026 18:27:46.136 정보 [main] org.apache.catalina.startup.Catalina.start 서버가 [334] 밀리초 내에 시작되었습니다.
08-Jun-2026 18:27:46.141 심각 [main] org.apache.catalina.core.StandardServer.await 주소 [localhost]와(과) 포트 [8005]에, 서버 셧다운 소켓을 생성하지 못했습니다. (base 포트 [8005], offset [0])
	java.net.BindException: Address already in use: bind
		at java.base/sun.nio.ch.Net.bind0(Native Method)
		at java.base/sun.nio.ch.Net.bind(Net.java:555)
		at java.base/sun.nio.ch.Net.bind(Net.java:544)
		at java.base/sun.nio.ch.NioSocketImpl.bind(NioSocketImpl.java:648)
		at java.base/java.net.ServerSocket.bind(ServerSocket.java:388)
		at java.base/java.net.ServerSocket.<init>(ServerSocket.java:274)
		at org.apache.catalina.core.StandardServer.await(StandardServer.java:531)
		at org.apache.catalina.startup.Catalina.await(Catalina.java:848)
		at org.apache.catalina.startup.Catalina.start(Catalina.java:796)
		at java.base/jdk.internal.reflect.NativeMethodAccessorImpl.invoke0(Native Method)
		at java.base/jdk.internal.reflect.NativeMethodAccessorImpl.invoke(NativeMethodAccessorImpl.java:77)
		at java.base/jdk.internal.reflect.DelegatingMethodAccessorImpl.invoke(DelegatingMethodAccessorImpl.java:43)
		at java.base/java.lang.reflect.Method.invoke(Method.java:569)
		at org.apache.catalina.startup.Bootstrap.start(Bootstrap.java:342)
		at org.apache.catalina.startup.Bootstrap.main(Bootstrap.java:473)
08-Jun-2026 18:27:46.141 정보 [main] org.apache.coyote.AbstractProtocol.pause 프로토콜 핸들러 ["http-nio-8080"]을(를) 일시 정지 중
08-Jun-2026 18:27:46.141 정보 [main] org.apache.catalina.core.StandardService.stopInternal 서비스 [Catalina]을(를) 중지시킵니다.
08-Jun-2026 18:27:46.147 정보 [main] org.apache.coyote.AbstractProtocol.stop 프로토콜 핸들러 ["http-nio-8080"]을(를) 중지시킵니다.
08-Jun-2026 18:27:46.147 정보 [main] org.apache.coyote.AbstractProtocol.destroy 프로토콜 핸들러 ["http-nio-8080"]을(를) 소멸시킵니다.
08-Jun-2026 18:29:31.264 정보 [main] org.apache.catalina.startup.VersionLoggerListener.log 서버 버전 이름:    Apache Tomcat/10.1.55
08-Jun-2026 18:29:31.268 정보 [main] org.apache.catalina.startup.VersionLoggerListener.log Server 빌드 시각:  May 5 2026 13:33:02 UTC
08-Jun-2026 18:29:31.268 정보 [main] org.apache.catalina.startup.VersionLoggerListener.log Server 버전 번호:  10.1.55.0
08-Jun-2026 18:29:31.268 정보 [main] org.apache.catalina.startup.VersionLoggerListener.log 운영체제 이름:     Windows 11
08-Jun-2026 18:29:31.268 정보 [main] org.apache.catalina.startup.VersionLoggerListener.log 운영체제 버전:     10.0
08-Jun-2026 18:29:31.268 정보 [main] org.apache.catalina.startup.VersionLoggerListener.log 아키텍처:          amd64
08-Jun-2026 18:29:31.268 정보 [main] org.apache.catalina.startup.VersionLoggerListener.log 자바 홈:           C:\Users\earne\.jdks\corretto-17.0.15
08-Jun-2026 18:29:31.268 정보 [main] org.apache.catalina.startup.VersionLoggerListener.log JVM 버전:          17.0.15+6-LTS
08-Jun-2026 18:29:31.268 정보 [main] org.apache.catalina.startup.VersionLoggerListener.log JVM 벤더:          Amazon.com Inc.
08-Jun-2026 18:29:31.269 정보 [main] org.apache.catalina.startup.VersionLoggerListener.log CATALINA_BASE:     C:\Users\earne\OneDrive\문서\project-crm-master
08-Jun-2026 18:29:31.269 정보 [main] org.apache.catalina.startup.VersionLoggerListener.log CATALINA_HOME:     C:\Users\earne\Downloads\apache-tomcat-10.1.55\apache-tomcat-10.1.55
08-Jun-2026 18:29:31.274 정보 [main] org.apache.catalina.startup.VersionLoggerListener.log 명령 행 아규먼트:  --add-opens=java.base/java.lang=ALL-UNNAMED
08-Jun-2026 18:29:31.274 정보 [main] org.apache.catalina.startup.VersionLoggerListener.log 명령 행 아규먼트:  --add-opens=java.base/java.io=ALL-UNNAMED
08-Jun-2026 18:29:31.274 정보 [main] org.apache.catalina.startup.VersionLoggerListener.log 명령 행 아규먼트:  --add-opens=java.base/java.util=ALL-UNNAMED
08-Jun-2026 18:29:31.274 정보 [main] org.apache.catalina.startup.VersionLoggerListener.log 명령 행 아규먼트:  --add-opens=java.base/java.util.concurrent=ALL-UNNAMED
08-Jun-2026 18:29:31.275 정보 [main] org.apache.catalina.startup.VersionLoggerListener.log 명령 행 아규먼트:  --add-opens=java.rmi/sun.rmi.transport=ALL-UNNAMED
08-Jun-2026 18:29:31.275 정보 [main] org.apache.catalina.startup.VersionLoggerListener.log 명령 행 아규먼트:  -Dcatalina.home=C:\Users\earne\Downloads\apache-tomcat-10.1.55\apache-tomcat-10.1.55
08-Jun-2026 18:29:31.275 정보 [main] org.apache.catalina.startup.VersionLoggerListener.log 명령 행 아규먼트:  -Dcatalina.base=C:\Users\earne\OneDrive\문서\project-crm-master
08-Jun-2026 18:29:31.275 정보 [main] org.apache.catalina.startup.VersionLoggerListener.log 명령 행 아규먼트:  -Djava.io.tmpdir=C:\Users\earne\OneDrive\문서\project-crm-master\temp
08-Jun-2026 18:29:31.275 정보 [main] org.apache.catalina.startup.VersionLoggerListener.log 명령 행 아규먼트:  -Djava.util.logging.config.file=C:\Users\earne\OneDrive\문서\project-crm-master\conf\logging.properties
08-Jun-2026 18:29:31.275 정보 [main] org.apache.catalina.startup.VersionLoggerListener.log 명령 행 아규먼트:  -Djava.util.logging.manager=org.apache.juli.ClassLoaderLogManager
08-Jun-2026 18:29:31.275 정보 [main] org.apache.catalina.startup.VersionLoggerListener.log 명령 행 아규먼트:  -javaagent:C:\Program Files\JetBrains\IntelliJ IDEA Community Edition 2023.3.2\lib\idea_rt.jar=6899:C:\Program Files\JetBrains\IntelliJ IDEA Community Edition 2023.3.2\bin
08-Jun-2026 18:29:31.275 정보 [main] org.apache.catalina.startup.VersionLoggerListener.log 명령 행 아규먼트:  -Dfile.encoding=UTF-8
08-Jun-2026 18:29:31.286 정보 [main] org.apache.catalina.core.AprLifecycleListener.lifecycleEvent 프로덕션 환경들에서 최적의 성능을 제공하는, APR 기반 Apache Tomcat Native 라이브러리가, 다음 java.library.path에서 발견되지 않습니다: [C:\Users\earne\.jdks\corretto-17.0.15\bin;C:\WINDOWS\Sun\Java\bin;C:\WINDOWS\system32;C:\WINDOWS;C:\Program Files (x86)\NVIDIA Corporation\PhysX\Common;C:\Program Files (x86)\NAT Service;C:\Program Files\Eclipse Adoptium\jdk-8.0.412.8-hotspot\bin;C:\WINDOWS\system32;C:\WINDOWS;C:\WINDOWS\System32\Wbem;C:\WINDOWS\System32\WindowsPowerShell\v1.0\;C:\WINDOWS\System32\OpenSSH\;C:\Ninja;C:\Program Files\dotnet\;C:\Program Files\CMake\bin;C:\Program Files\nodejs\;C:\Program Files\cursor\resources\app\bin;C:\Program Files\PowerShell\7\;C:\Users\earne\AppData\Local\Programs\Python\Launcher\;C:\Users\earne\AppData\Local\Microsoft\WindowsApps;;C:\Users\earne\AppData\Local\Programs\Microsoft VS Code\bin;C:\Program Files\JetBrains\IntelliJ IDEA Community Edition 2025.1.4.1\bin;;C:\Users\earne\.dotnet\tools;C:\Users\earne\AppData\Roaming\npm;C:\Program Files\JetBrains\IntelliJ IDEA 2026.1.3\bin;.]
08-Jun-2026 18:29:31.411 정보 [main] org.apache.coyote.AbstractProtocol.init 프로토콜 핸들러 ["http-nio-80"]을(를) 초기화합니다.
08-Jun-2026 18:29:31.422 정보 [main] org.apache.catalina.startup.Catalina.load [293] 밀리초 내에 서버가 초기화되었습니다.
08-Jun-2026 18:29:31.454 정보 [main] org.apache.catalina.core.StandardService.startInternal 서비스 [Catalina]을(를) 시작합니다.
08-Jun-2026 18:29:31.455 정보 [main] org.apache.catalina.core.StandardEngine.startInternal 서버 엔진을 시작합니다: [Apache Tomcat/10.1.55]
08-Jun-2026 18:29:31.462 정보 [main] org.apache.catalina.startup.HostConfig.deployDescriptor 배치 descriptor [C:\Users\earne\OneDrive\문서\project-crm-master\conf\Catalina\localhost\localhost.xml]을(를) 배치합니다.
08-Jun-2026 18:29:31.743 정보 [main] org.apache.catalina.startup.HostConfig.deployDescriptor 배치 descriptor [C:\Users\earne\OneDrive\문서\project-crm-master\conf\Catalina\localhost\localhost.xml]의 배치가 [280] 밀리초 내에 완료되었습니다.
08-Jun-2026 18:29:31.746 정보 [main] org.apache.coyote.AbstractProtocol.start 프로토콜 핸들러 ["http-nio-80"]을(를) 시작합니다.
08-Jun-2026 18:29:31.793 정보 [main] org.apache.catalina.startup.Catalina.start 서버가 [371] 밀리초 내에 시작되었습니다.
08-Jun-2026 18:29:31.799 심각 [main] org.apache.catalina.core.StandardServer.await 주소 [localhost]와(과) 포트 [8005]에, 서버 셧다운 소켓을 생성하지 못했습니다. (base 포트 [8005], offset [0])
	java.net.BindException: Address already in use: bind
		at java.base/sun.nio.ch.Net.bind0(Native Method)
		at java.base/sun.nio.ch.Net.bind(Net.java:555)
		at java.base/sun.nio.ch.Net.bind(Net.java:544)
		at java.base/sun.nio.ch.NioSocketImpl.bind(NioSocketImpl.java:648)
		at java.base/java.net.ServerSocket.bind(ServerSocket.java:388)
		at java.base/java.net.ServerSocket.<init>(ServerSocket.java:274)
		at org.apache.catalina.core.StandardServer.await(StandardServer.java:531)
		at org.apache.catalina.startup.Catalina.await(Catalina.java:848)
		at org.apache.catalina.startup.Catalina.start(Catalina.java:796)
		at java.base/jdk.internal.reflect.NativeMethodAccessorImpl.invoke0(Native Method)
		at java.base/jdk.internal.reflect.NativeMethodAccessorImpl.invoke(NativeMethodAccessorImpl.java:77)
		at java.base/jdk.internal.reflect.DelegatingMethodAccessorImpl.invoke(DelegatingMethodAccessorImpl.java:43)
		at java.base/java.lang.reflect.Method.invoke(Method.java:569)
		at org.apache.catalina.startup.Bootstrap.start(Bootstrap.java:342)
		at org.apache.catalina.startup.Bootstrap.main(Bootstrap.java:473)
08-Jun-2026 18:29:31.799 정보 [main] org.apache.coyote.AbstractProtocol.pause 프로토콜 핸들러 ["http-nio-80"]을(를) 일시 정지 중
08-Jun-2026 18:29:32.072 정보 [main] org.apache.catalina.core.StandardService.stopInternal 서비스 [Catalina]을(를) 중지시킵니다.
08-Jun-2026 18:29:32.078 정보 [main] org.apache.coyote.AbstractProtocol.stop 프로토콜 핸들러 ["http-nio-80"]을(를) 중지시킵니다.
08-Jun-2026 18:29:32.081 정보 [main] org.apache.coyote.AbstractProtocol.destroy 프로토콜 핸들러 ["http-nio-80"]을(를) 소멸시킵니다.
08-Jun-2026 18:30:27.121 정보 [main] org.apache.catalina.startup.VersionLoggerListener.log 서버 버전 이름:    Apache Tomcat/10.1.55
08-Jun-2026 18:30:27.124 정보 [main] org.apache.catalina.startup.VersionLoggerListener.log Server 빌드 시각:  May 5 2026 13:33:02 UTC
08-Jun-2026 18:30:27.124 정보 [main] org.apache.catalina.startup.VersionLoggerListener.log Server 버전 번호:  10.1.55.0
08-Jun-2026 18:30:27.124 정보 [main] org.apache.catalina.startup.VersionLoggerListener.log 운영체제 이름:     Windows 11
08-Jun-2026 18:30:27.124 정보 [main] org.apache.catalina.startup.VersionLoggerListener.log 운영체제 버전:     10.0
08-Jun-2026 18:30:27.124 정보 [main] org.apache.catalina.startup.VersionLoggerListener.log 아키텍처:          amd64
08-Jun-2026 18:30:27.124 정보 [main] org.apache.catalina.startup.VersionLoggerListener.log 자바 홈:           C:\Users\earne\.jdks\corretto-17.0.15
08-Jun-2026 18:30:27.125 정보 [main] org.apache.catalina.startup.VersionLoggerListener.log JVM 버전:          17.0.15+6-LTS
08-Jun-2026 18:30:27.125 정보 [main] org.apache.catalina.startup.VersionLoggerListener.log JVM 벤더:          Amazon.com Inc.
08-Jun-2026 18:30:27.125 정보 [main] org.apache.catalina.startup.VersionLoggerListener.log CATALINA_BASE:     C:\Users\earne\OneDrive\문서\project-crm-master
08-Jun-2026 18:30:27.125 정보 [main] org.apache.catalina.startup.VersionLoggerListener.log CATALINA_HOME:     C:\Users\earne\Downloads\apache-tomcat-10.1.55\apache-tomcat-10.1.55
08-Jun-2026 18:30:27.132 정보 [main] org.apache.catalina.startup.VersionLoggerListener.log 명령 행 아규먼트:  --add-opens=java.base/java.lang=ALL-UNNAMED
08-Jun-2026 18:30:27.132 정보 [main] org.apache.catalina.startup.VersionLoggerListener.log 명령 행 아규먼트:  --add-opens=java.base/java.io=ALL-UNNAMED
08-Jun-2026 18:30:27.132 정보 [main] org.apache.catalina.startup.VersionLoggerListener.log 명령 행 아규먼트:  --add-opens=java.base/java.util=ALL-UNNAMED
08-Jun-2026 18:30:27.132 정보 [main] org.apache.catalina.startup.VersionLoggerListener.log 명령 행 아규먼트:  --add-opens=java.base/java.util.concurrent=ALL-UNNAMED
08-Jun-2026 18:30:27.132 정보 [main] org.apache.catalina.startup.VersionLoggerListener.log 명령 행 아규먼트:  --add-opens=java.rmi/sun.rmi.transport=ALL-UNNAMED
08-Jun-2026 18:30:27.132 정보 [main] org.apache.catalina.startup.VersionLoggerListener.log 명령 행 아규먼트:  -Dcatalina.home=C:\Users\earne\Downloads\apache-tomcat-10.1.55\apache-tomcat-10.1.55
08-Jun-2026 18:30:27.132 정보 [main] org.apache.catalina.startup.VersionLoggerListener.log 명령 행 아규먼트:  -Dcatalina.base=C:\Users\earne\OneDrive\문서\project-crm-master
08-Jun-2026 18:30:27.132 정보 [main] org.apache.catalina.startup.VersionLoggerListener.log 명령 행 아규먼트:  -Djava.io.tmpdir=C:\Users\earne\OneDrive\문서\project-crm-master\temp
08-Jun-2026 18:30:27.132 정보 [main] org.apache.catalina.startup.VersionLoggerListener.log 명령 행 아규먼트:  -Djava.util.logging.config.file=C:\Users\earne\OneDrive\문서\project-crm-master\conf\logging.properties
08-Jun-2026 18:30:27.132 정보 [main] org.apache.catalina.startup.VersionLoggerListener.log 명령 행 아규먼트:  -Djava.util.logging.manager=org.apache.juli.ClassLoaderLogManager
08-Jun-2026 18:30:27.133 정보 [main] org.apache.catalina.startup.VersionLoggerListener.log 명령 행 아규먼트:  -javaagent:C:\Program Files\JetBrains\IntelliJ IDEA Community Edition 2023.3.2\lib\idea_rt.jar=11561:C:\Program Files\JetBrains\IntelliJ IDEA Community Edition 2023.3.2\bin
08-Jun-2026 18:30:27.133 정보 [main] org.apache.catalina.startup.VersionLoggerListener.log 명령 행 아규먼트:  -Dfile.encoding=UTF-8
08-Jun-2026 18:30:27.146 정보 [main] org.apache.catalina.core.AprLifecycleListener.lifecycleEvent 프로덕션 환경들에서 최적의 성능을 제공하는, APR 기반 Apache Tomcat Native 라이브러리가, 다음 java.library.path에서 발견되지 않습니다: [C:\Users\earne\.jdks\corretto-17.0.15\bin;C:\WINDOWS\Sun\Java\bin;C:\WINDOWS\system32;C:\WINDOWS;C:\Program Files (x86)\NVIDIA Corporation\PhysX\Common;C:\Program Files (x86)\NAT Service;C:\Program Files\Eclipse Adoptium\jdk-8.0.412.8-hotspot\bin;C:\WINDOWS\system32;C:\WINDOWS;C:\WINDOWS\System32\Wbem;C:\WINDOWS\System32\WindowsPowerShell\v1.0\;C:\WINDOWS\System32\OpenSSH\;C:\Ninja;C:\Program Files\dotnet\;C:\Program Files\CMake\bin;C:\Program Files\nodejs\;C:\Program Files\cursor\resources\app\bin;C:\Program Files\PowerShell\7\;C:\Users\earne\AppData\Local\Programs\Python\Launcher\;C:\Users\earne\AppData\Local\Microsoft\WindowsApps;;C:\Users\earne\AppData\Local\Programs\Microsoft VS Code\bin;C:\Program Files\JetBrains\IntelliJ IDEA Community Edition 2025.1.4.1\bin;;C:\Users\earne\.dotnet\tools;C:\Users\earne\AppData\Roaming\npm;C:\Program Files\JetBrains\IntelliJ IDEA 2026.1.3\bin;.]
08-Jun-2026 18:30:27.294 정보 [main] org.apache.coyote.AbstractProtocol.init 프로토콜 핸들러 ["http-nio-8021"]을(를) 초기화합니다.
08-Jun-2026 18:30:27.307 정보 [main] org.apache.catalina.startup.Catalina.load [332] 밀리초 내에 서버가 초기화되었습니다.
08-Jun-2026 18:30:27.343 정보 [main] org.apache.catalina.core.StandardService.startInternal 서비스 [Catalina]을(를) 시작합니다.
08-Jun-2026 18:30:27.343 정보 [main] org.apache.catalina.core.StandardEngine.startInternal 서버 엔진을 시작합니다: [Apache Tomcat/10.1.55]
08-Jun-2026 18:30:27.354 정보 [main] org.apache.catalina.startup.HostConfig.deployDescriptor 배치 descriptor [C:\Users\earne\OneDrive\문서\project-crm-master\conf\Catalina\localhost\localhost.xml]을(를) 배치합니다.
08-Jun-2026 18:30:27.649 정보 [main] org.apache.catalina.startup.HostConfig.deployDescriptor 배치 descriptor [C:\Users\earne\OneDrive\문서\project-crm-master\conf\Catalina\localhost\localhost.xml]의 배치가 [294] 밀리초 내에 완료되었습니다.
08-Jun-2026 18:30:27.653 정보 [main] org.apache.coyote.AbstractProtocol.start 프로토콜 핸들러 ["http-nio-8021"]을(를) 시작합니다.
08-Jun-2026 18:30:27.699 정보 [main] org.apache.catalina.startup.Catalina.start 서버가 [391] 밀리초 내에 시작되었습니다.
08-Jun-2026 18:46:30.131 정보 [Thread-1] org.apache.coyote.AbstractProtocol.pause 프로토콜 핸들러 ["http-nio-8021"]을(를) 일시 정지 중
08-Jun-2026 18:46:30.423 정보 [Thread-1] org.apache.catalina.core.StandardService.stopInternal 서비스 [Catalina]을(를) 중지시킵니다.
08-Jun-2026 18:46:30.429 정보 [Thread-1] org.apache.coyote.AbstractProtocol.stop 프로토콜 핸들러 ["http-nio-8021"]을(를) 중지시킵니다.
08-Jun-2026 18:46:30.431 정보 [Thread-1] org.apache.coyote.AbstractProtocol.destroy 프로토콜 핸들러 ["http-nio-8021"]을(를) 소멸시킵니다.
08-Jun-2026 18:46:31.445 정보 [main] org.apache.catalina.startup.VersionLoggerListener.log 서버 버전 이름:    Apache Tomcat/10.1.55
08-Jun-2026 18:46:31.448 정보 [main] org.apache.catalina.startup.VersionLoggerListener.log Server 빌드 시각:  May 5 2026 13:33:02 UTC
08-Jun-2026 18:46:31.449 정보 [main] org.apache.catalina.startup.VersionLoggerListener.log Server 버전 번호:  10.1.55.0
08-Jun-2026 18:46:31.449 정보 [main] org.apache.catalina.startup.VersionLoggerListener.log 운영체제 이름:     Windows 11
08-Jun-2026 18:46:31.449 정보 [main] org.apache.catalina.startup.VersionLoggerListener.log 운영체제 버전:     10.0
08-Jun-2026 18:46:31.449 정보 [main] org.apache.catalina.startup.VersionLoggerListener.log 아키텍처:          amd64
08-Jun-2026 18:46:31.449 정보 [main] org.apache.catalina.startup.VersionLoggerListener.log 자바 홈:           C:\Users\earne\.jdks\corretto-17.0.15
08-Jun-2026 18:46:31.449 정보 [main] org.apache.catalina.startup.VersionLoggerListener.log JVM 버전:          17.0.15+6-LTS
08-Jun-2026 18:46:31.449 정보 [main] org.apache.catalina.startup.VersionLoggerListener.log JVM 벤더:          Amazon.com Inc.
08-Jun-2026 18:46:31.449 정보 [main] org.apache.catalina.startup.VersionLoggerListener.log CATALINA_BASE:     C:\Users\earne\OneDrive\문서\project-crm-master
08-Jun-2026 18:46:31.449 정보 [main] org.apache.catalina.startup.VersionLoggerListener.log CATALINA_HOME:     C:\Users\earne\Downloads\apache-tomcat-10.1.55\apache-tomcat-10.1.55
08-Jun-2026 18:46:31.454 정보 [main] org.apache.catalina.startup.VersionLoggerListener.log 명령 행 아규먼트:  --add-opens=java.base/java.lang=ALL-UNNAMED
08-Jun-2026 18:46:31.454 정보 [main] org.apache.catalina.startup.VersionLoggerListener.log 명령 행 아규먼트:  --add-opens=java.base/java.io=ALL-UNNAMED
08-Jun-2026 18:46:31.454 정보 [main] org.apache.catalina.startup.VersionLoggerListener.log 명령 행 아규먼트:  --add-opens=java.base/java.util=ALL-UNNAMED
08-Jun-2026 18:46:31.454 정보 [main] org.apache.catalina.startup.VersionLoggerListener.log 명령 행 아규먼트:  --add-opens=java.base/java.util.concurrent=ALL-UNNAMED
08-Jun-2026 18:46:31.454 정보 [main] org.apache.catalina.startup.VersionLoggerListener.log 명령 행 아규먼트:  --add-opens=java.rmi/sun.rmi.transport=ALL-UNNAMED
08-Jun-2026 18:46:31.454 정보 [main] org.apache.catalina.startup.VersionLoggerListener.log 명령 행 아규먼트:  -Dcatalina.home=C:\Users\earne\Downloads\apache-tomcat-10.1.55\apache-tomcat-10.1.55
08-Jun-2026 18:46:31.454 정보 [main] org.apache.catalina.startup.VersionLoggerListener.log 명령 행 아규먼트:  -Dcatalina.base=C:\Users\earne\OneDrive\문서\project-crm-master
08-Jun-2026 18:46:31.454 정보 [main] org.apache.catalina.startup.VersionLoggerListener.log 명령 행 아규먼트:  -Djava.io.tmpdir=C:\Users\earne\OneDrive\문서\project-crm-master\temp
08-Jun-2026 18:46:31.454 정보 [main] org.apache.catalina.startup.VersionLoggerListener.log 명령 행 아규먼트:  -Djava.util.logging.config.file=C:\Users\earne\OneDrive\문서\project-crm-master\conf\logging.properties
08-Jun-2026 18:46:31.454 정보 [main] org.apache.catalina.startup.VersionLoggerListener.log 명령 행 아규먼트:  -Djava.util.logging.manager=org.apache.juli.ClassLoaderLogManager
08-Jun-2026 18:46:31.454 정보 [main] org.apache.catalina.startup.VersionLoggerListener.log 명령 행 아규먼트:  -javaagent:C:\Program Files\JetBrains\IntelliJ IDEA Community Edition 2023.3.2\lib\idea_rt.jar=1744:C:\Program Files\JetBrains\IntelliJ IDEA Community Edition 2023.3.2\bin
08-Jun-2026 18:46:31.454 정보 [main] org.apache.catalina.startup.VersionLoggerListener.log 명령 행 아규먼트:  -Dfile.encoding=UTF-8
08-Jun-2026 18:46:31.465 정보 [main] org.apache.catalina.core.AprLifecycleListener.lifecycleEvent 프로덕션 환경들에서 최적의 성능을 제공하는, APR 기반 Apache Tomcat Native 라이브러리가, 다음 java.library.path에서 발견되지 않습니다: [C:\Users\earne\.jdks\corretto-17.0.15\bin;C:\WINDOWS\Sun\Java\bin;C:\WINDOWS\system32;C:\WINDOWS;C:\Program Files (x86)\NVIDIA Corporation\PhysX\Common;C:\Program Files (x86)\NAT Service;C:\Program Files\Eclipse Adoptium\jdk-8.0.412.8-hotspot\bin;C:\WINDOWS\system32;C:\WINDOWS;C:\WINDOWS\System32\Wbem;C:\WINDOWS\System32\WindowsPowerShell\v1.0\;C:\WINDOWS\System32\OpenSSH\;C:\Ninja;C:\Program Files\dotnet\;C:\Program Files\CMake\bin;C:\Program Files\nodejs\;C:\Program Files\cursor\resources\app\bin;C:\Program Files\PowerShell\7\;C:\Users\earne\AppData\Local\Programs\Python\Launcher\;C:\Users\earne\AppData\Local\Microsoft\WindowsApps;;C:\Users\earne\AppData\Local\Programs\Microsoft VS Code\bin;C:\Program Files\JetBrains\IntelliJ IDEA Community Edition 2025.1.4.1\bin;;C:\Users\earne\.dotnet\tools;C:\Users\earne\AppData\Roaming\npm;C:\Program Files\JetBrains\IntelliJ IDEA 2026.1.3\bin;.]
08-Jun-2026 18:46:31.611 정보 [main] org.apache.coyote.AbstractProtocol.init 프로토콜 핸들러 ["http-nio-8021"]을(를) 초기화합니다.
08-Jun-2026 18:46:31.621 정보 [main] org.apache.catalina.startup.Catalina.load [293] 밀리초 내에 서버가 초기화되었습니다.
08-Jun-2026 18:46:31.651 정보 [main] org.apache.catalina.core.StandardService.startInternal 서비스 [Catalina]을(를) 시작합니다.
08-Jun-2026 18:46:31.652 정보 [main] org.apache.catalina.core.StandardEngine.startInternal 서버 엔진을 시작합니다: [Apache Tomcat/10.1.55]
08-Jun-2026 18:46:31.660 정보 [main] org.apache.catalina.startup.HostConfig.deployDescriptor 배치 descriptor [C:\Users\earne\OneDrive\문서\project-crm-master\conf\Catalina\localhost\localhost.xml]을(를) 배치합니다.
08-Jun-2026 18:46:31.689 경고 [main] org.apache.catalina.startup.HostConfig.deployDescriptor 호스트 appBase 내의 docBase [C:\Users\earne\OneDrive\문서\project-crm-master\webapps]이(가) 지정되었으나, 이는 무시될 것입니다.
08-Jun-2026 18:46:31.714 심각 [main] org.apache.catalina.startup.HostConfig.deployDescriptor 배치 descriptor [C:\Users\earne\OneDrive\문서\project-crm-master\conf\Catalina\localhost\localhost.xml]을(를) 배치하는 중 오류 발생
	java.lang.IllegalStateException: 자식 컨테이너를 시작하는 중 오류 발생
		at org.apache.catalina.core.ContainerBase.addChildInternal(ContainerBase.java:600)
		at org.apache.catalina.core.ContainerBase.addChild(ContainerBase.java:569)
		at org.apache.catalina.core.StandardHost.addChild(StandardHost.java:665)
		at org.apache.catalina.startup.HostConfig.deployDescriptor(HostConfig.java:629)
		at org.apache.catalina.startup.HostConfig$DeployDescriptor.run(HostConfig.java:1878)
		at java.base/java.util.concurrent.Executors$RunnableAdapter.call(Executors.java:539)
		at java.base/java.util.concurrent.FutureTask.run(FutureTask.java:264)
		at org.apache.tomcat.util.threads.InlineExecutorService.execute(InlineExecutorService.java:81)
		at java.base/java.util.concurrent.AbstractExecutorService.submit(AbstractExecutorService.java:123)
		at org.apache.catalina.startup.HostConfig.deployDescriptors(HostConfig.java:524)
		at org.apache.catalina.startup.HostConfig.deployApps(HostConfig.java:415)
		at org.apache.catalina.startup.HostConfig.start(HostConfig.java:1618)
		at org.apache.catalina.startup.HostConfig.lifecycleEvent(HostConfig.java:300)
		at org.apache.catalina.util.LifecycleBase.fireLifecycleEvent(LifecycleBase.java:109)
		at org.apache.catalina.util.LifecycleBase.setStateInternal(LifecycleBase.java:389)
		at org.apache.catalina.util.LifecycleBase.setState(LifecycleBase.java:336)
		at org.apache.catalina.core.ContainerBase.startInternal(ContainerBase.java:774)
		at org.apache.catalina.core.StandardHost.startInternal(StandardHost.java:783)
		at org.apache.catalina.util.LifecycleBase.start(LifecycleBase.java:164)
		at org.apache.catalina.core.ContainerBase$StartChild.call(ContainerBase.java:1201)
		at org.apache.catalina.core.ContainerBase$StartChild.call(ContainerBase.java:1191)
		at java.base/java.util.concurrent.FutureTask.run(FutureTask.java:264)
		at org.apache.tomcat.util.threads.InlineExecutorService.execute(InlineExecutorService.java:81)
		at java.base/java.util.concurrent.AbstractExecutorService.submit(AbstractExecutorService.java:145)
		at org.apache.catalina.core.ContainerBase.startInternal(ContainerBase.java:747)
		at org.apache.catalina.core.StandardEngine.startInternal(StandardEngine.java:201)
		at org.apache.catalina.util.LifecycleBase.start(LifecycleBase.java:164)
		at org.apache.catalina.core.StandardService.startInternal(StandardService.java:410)
		at org.apache.catalina.util.LifecycleBase.start(LifecycleBase.java:164)
		at org.apache.catalina.core.StandardServer.startInternal(StandardServer.java:868)
		at org.apache.catalina.util.LifecycleBase.start(LifecycleBase.java:164)
		at org.apache.catalina.startup.Catalina.start(Catalina.java:758)
		at java.base/jdk.internal.reflect.NativeMethodAccessorImpl.invoke0(Native Method)
		at java.base/jdk.internal.reflect.NativeMethodAccessorImpl.invoke(NativeMethodAccessorImpl.java:77)
		at java.base/jdk.internal.reflect.DelegatingMethodAccessorImpl.invoke(DelegatingMethodAccessorImpl.java:43)
		at java.base/java.lang.reflect.Method.invoke(Method.java:569)
		at org.apache.catalina.startup.Bootstrap.start(Bootstrap.java:342)
		at org.apache.catalina.startup.Bootstrap.main(Bootstrap.java:473)
	Caused by: org.apache.catalina.LifecycleException: 구성요소 [org.apache.catalina.webresources.StandardRoot@383dc82c]을(를) 시작하지 못했습니다.
		at org.apache.catalina.util.LifecycleBase.handleSubClassException(LifecycleBase.java:404)
		at org.apache.catalina.util.LifecycleBase.start(LifecycleBase.java:179)
		at org.apache.catalina.core.StandardContext.resourcesStart(StandardContext.java:4151)
		at org.apache.catalina.core.StandardContext.startInternal(StandardContext.java:4273)
		at org.apache.catalina.util.LifecycleBase.start(LifecycleBase.java:164)
		at org.apache.catalina.core.ContainerBase.addChildInternal(ContainerBase.java:597)
		... 37 more
	Caused by: java.lang.IllegalArgumentException: The main resource set specified [C:\Users\earne\OneDrive\문서\project-crm-master\webapps\localhost] is not a directory or war file, or is not readable (it does not exist or permissions to access it are missing)
		at org.apache.catalina.webresources.StandardRoot.createMainResourceSet(StandardRoot.java:758)
		at org.apache.catalina.webresources.StandardRoot.startInternal(StandardRoot.java:715)
		at org.apache.catalina.util.LifecycleBase.start(LifecycleBase.java:164)
		... 41 more
08-Jun-2026 18:46:31.719 정보 [main] org.apache.catalina.startup.HostConfig.deployDescriptor 배치 descriptor [C:\Users\earne\OneDrive\문서\project-crm-master\conf\Catalina\localhost\localhost.xml]의 배치가 [58] 밀리초 내에 완료되었습니다.
08-Jun-2026 18:46:31.723 정보 [main] org.apache.coyote.AbstractProtocol.start 프로토콜 핸들러 ["http-nio-8021"]을(를) 시작합니다.
08-Jun-2026 18:46:31.819 정보 [main] org.apache.catalina.startup.Catalina.start 서버가 [197] 밀리초 내에 시작되었습니다.
